// Jest Snapshot v1, https://goo.gl/fbAQLP

exports[`DatasetMapping returns correct props 1`] = `
Array [
  Object {
    "data": MockEntityRecord {
      "getNamedReference": [MockFunction],
      "id": "1",
      "values": Object {
        "ItemKey": "Item 1",
        "ItemLabel": "item1",
        "ItemState": "Current",
      },
    },
    "disabled": undefined,
    "id": "1",
    "key": "Item 1",
    "label": "item1",
    "parentId": undefined,
    "state": "Current",
    "visuallyDisabled": undefined,
  },
  Object {
    "data": MockEntityRecord {
      "getNamedReference": [MockFunction],
      "id": "2",
      "values": Object {
        "ItemKey": "Item 2",
        "ItemLabel": "item2",
        "ItemState": "Not Started",
      },
    },
    "disabled": undefined,
    "id": "2",
    "key": "Item 2",
    "label": "item2",
    "parentId": undefined,
    "state": "Not Started",
    "visuallyDisabled": undefined,
  },
  Object {
    "data": MockEntityRecord {
      "getNamedReference": [MockFunction],
      "id": "3",
      "values": Object {
        "ItemKey": "Item 3",
        "ItemLabel": "item3",
        "ItemState": "Completed",
      },
    },
    "disabled": undefined,
    "id": "3",
    "key": "Item 3",
    "label": "item3",
    "parentId": undefined,
    "state": "Completed",
    "visuallyDisabled": undefined,
  },
  Object {
    "data": MockEntityRecord {
      "getNamedReference": [MockFunction],
      "id": "4",
      "values": Object {
        "ItemKey": "Item 4",
        "ItemLabel": "item4",
        "ItemState": "ViewedNotCompleted",
      },
    },
    "disabled": undefined,
    "id": "4",
    "key": "Item 4",
    "label": "item4",
    "parentId": undefined,
    "state": "ViewedNotCompleted",
    "visuallyDisabled": undefined,
  },
  Object {
    "data": MockEntityRecord {
      "getNamedReference": [MockFunction],
      "id": "5",
      "values": Object {
        "ItemKey": "Item 4",
        "ItemLabel": "item4",
        "ItemState": "Error",
      },
    },
    "disabled": undefined,
    "id": "5",
    "key": "Item 4",
    "label": "item4",
    "parentId": undefined,
    "state": "Error",
    "visuallyDisabled": undefined,
  },
  Object {
    "data": MockEntityRecord {
      "getNamedReference": [MockFunction],
      "id": "6",
      "values": Object {
        "ItemKey": "Item 4",
        "ItemLabel": "item4",
        "ItemState": "Skipped",
      },
    },
    "disabled": undefined,
    "id": "6",
    "key": "Item 4",
    "label": "item4",
    "parentId": undefined,
    "state": "Skipped",
    "visuallyDisabled": undefined,
  },
  Object {
    "data": MockEntityRecord {
      "getNamedReference": [MockFunction],
      "id": "7",
      "values": Object {
        "ItemKey": "Item 4",
        "ItemLabel": "item4",
        "ItemState": "Unsaved",
      },
    },
    "disabled": undefined,
    "id": "7",
    "key": "Item 4",
    "label": "item4",
    "parentId": undefined,
    "state": "Unsaved",
    "visuallyDisabled": undefined,
  },
]
`;
